// Jest Snapshot v1, https://goo.gl/fbAQLP

exports[`<NavigationBody /> renders as expected 1`] = `
<Fragment>
  <NavTopButtons
    itemKeyAttr="key"
    itemLabelAttr="DisplayName"
    items={
      Array [
        Object {
          "DisplayName": "About Me",
          "LinkTo": "/",
          "key": "AboutMe",
        },
        Object {
          "DisplayName": "Portfolio",
          "LinkTo": "/portfolio",
          "key": "Portfolio",
        },
        Object {
          "DisplayName": "Contact",
          "LinkTo": "/contact",
          "key": "Contact",
        },
        Object {
          "DisplayName": "Messages",
          "LinkTo": "/messages",
          "key": "Messages",
        },
      ]
    }
    selectItem={[Function]}
    toggleDrawer={[Function]}
  />
  <Drawer
    isDrawerOpen={false}
    itemKeyAttr="key"
    itemLabelAttr="DisplayName"
    items={
      Array [
        Object {
          "DisplayName": "About Me",
          "LinkTo": "/",
          "key": "AboutMe",
        },
        Object {
          "DisplayName": "Portfolio",
          "LinkTo": "/portfolio",
          "key": "Portfolio",
        },
        Object {
          "DisplayName": "Contact",
          "LinkTo": "/contact",
          "key": "Contact",
        },
        Object {
          "DisplayName": "Messages",
          "LinkTo": "/messages",
          "key": "Messages",
        },
      ]
    }
    selectItem={[Function]}
  />
</Fragment>
`;
