// Jest Snapshot v1, https://goo.gl/fbAQLP

exports[`<AppBar /> renders as expected 1`] = `
<div
  className="styles__Nav-f0nxkg-0 gGbmCv"
>
  <div
    className="iconButton"
    onClick={[Function]}
    onKeyDown={[Function]}
    role="button"
    tabIndex={0}
  >
    <span
      aria-hidden={true}
      className="fa fa-bars icon"
    />
  </div>
  <div
    className="heading"
  >
    Ehren Davis
  </div>
  <div
    className="linkContainer"
  >
    Log In
  </div>
</div>
`;
