// Jest Snapshot v1, https://goo.gl/fbAQLP

exports[`<Hobbies /> should render the page 1`] = `
<div
  className="row"
>
  <div
    className="row col-lg-12"
  >
    <styles__H2>
      Hobbies
    </styles__H2>
  </div>
  <div
    className="row col-lg-12"
  >
    <ul>
      <li>
        Programming
      </li>
      <li>
        Dancing West Coast Swing
      </li>
      <li>
        Hiking
      </li>
      <li>
        Billiards
      </li>
      <li>
        ATV Riding
      </li>
    </ul>
  </div>
</div>
`;
