// Jest Snapshot v1, https://goo.gl/fbAQLP

exports[`<ProfessionalIntro /> should render the page 1`] = `
<div>
  <Header>
    Professional Intro
  </Header>
  <div>
    <styles__PLeft>
      Experienced Software Engineer with a demonstrated history of working in the computer software industry. Strong engineering professional skilled in Bash scripting, Automation tools, and Problem solving.
    </styles__PLeft>
  </div>
</div>
`;
