// Jest Snapshot v1, https://goo.gl/fbAQLP

exports[`<HylandExperience /> should render the page 1`] = `
<div>
  <styles__SectionBreak>
    <h4>
      Senior Developer
    </h4>
    <styles__P>
      APRIL 2013 – FEBRUARY 2019
    </styles__P>
    <styles__P>
      Law Logix; Subdivision of Hyland, Inc.
    </styles__P>
    <styles__P>
      Industry-leading I-9 and E-Verify Integration Solutions for government compliance. Remained with company through buyout in 2016.
    </styles__P>
  </styles__SectionBreak>
  <styles__SectionBreak>
    <ul>
      <li>
        Assisted in architecting, managing, and maintaining an internal flag ship product (Guardian)
      </li>
      <li>
        Set up and automated integrations between clients and Guardian.
      </li>
      <li>
        Interfaced with clients to develop strategies and set expectations
      </li>
      <li>
        Independently architected and executed creative solutions to achieve custom requests
      </li>
      <li>
        Debugged live issues to created short- and long-term solutions
      </li>
      <li>
        Integrated API’s into primary system to link with 3rd party vendors
      </li>
      <li>
        Participated in code reviews to maintain system integrity, team communication, and code continuity
      </li>
      <li>
        Worked with team members to design and architect scoped projects
      </li>
      <li>
        Utilized Jira ticketing system to communicate tasks with other developers
      </li>
      <li>
        Continuous documentation of processes and test plans using Jira/Confluence
      </li>
      <li>
        Developed and implemented user training documents and schedules
      </li>
      <li>
        Implemented unit testing to ensure code stability
      </li>
      <li>
        Created, maintained and ran T-SQL queries to ensure data integrity
      </li>
      <li>
        Created and deployed new releases of internal primary software
      </li>
      <li>
        Maintained deploy operations to multiple server stacks
      </li>
      <li>
        Created and Maintain in house tools to streamline company automations
      </li>
    </ul>
  </styles__SectionBreak>
</div>
`;
