// Jest Snapshot v1, https://goo.gl/fbAQLP

exports[`<Languages /> should render the page 1`] = `
<div>
  <styles__SectionBreak>
    <h4>
      Languages:
    </h4>
  </styles__SectionBreak>
  <styles__SectionBreak>
    <styles__Ul>
      <li
        key="React"
      >
        React
      </li>
      <li
        key="React-Native"
      >
        React-Native
      </li>
      <li
        key="Redux"
      >
        Redux
      </li>
      <li
        key="Redux-Saga"
      >
        Redux-Saga
      </li>
      <li
        key="4D"
      >
        4D
      </li>
      <li
        key="T-SQL"
      >
        T-SQL
      </li>
      <li
        key="Regex"
      >
        Regex
      </li>
      <li
        key="Bash"
      >
        Bash
      </li>
      <li
        key="JavaScript"
      >
        JavaScript
      </li>
      <li
        key="RESTful APIs"
      >
        RESTful APIs
      </li>
      <li
        key="SOAP APIs"
      >
        SOAP APIs
      </li>
      <li
        key="VIM"
      >
        VIM
      </li>
      <li
        key="CronJobs"
      >
        CronJobs
      </li>
      <li
        key="XML"
      >
        XML
      </li>
      <li
        key="JSON"
      >
        JSON
      </li>
      <li
        key="JQuery"
      >
        JQuery
      </li>
      <li
        key="AJAX"
      >
        AJAX
      </li>
      <li
        key="Jest"
      >
        Jest
      </li>
      <li
        key="Bootstrap"
      >
        Bootstrap
      </li>
      <li
        key="HTML5"
      >
        HTML5
      </li>
      <li
        key="Sequelize"
      >
        Sequelize
      </li>
      <li
        key="VBA"
      >
        VBA
      </li>
      <li
        key="Python"
      >
        Python
      </li>
      <li
        key=".NET"
      >
        .NET
      </li>
      <li
        key="C#"
      >
        C#
      </li>
      <li
        key="CSS"
      >
        CSS
      </li>
      <li
        key="C++"
      >
        C++
      </li>
    </styles__Ul>
  </styles__SectionBreak>
</div>
`;
