// Jest Snapshot v1, https://goo.gl/fbAQLP

exports[`<AboutMePage /> should render the page 1`] = `
<Fragment>
  <SectionBanner
    header="Self Project Portfolio"
    id="Portfolio"
    image="IMAGE_MOCK"
    strength={800}
  >
    <ProfessionalIntro />
  </SectionBanner>
  <SectionBanner
    header="TechnicalSkills"
    id="TechnicalSkills"
    image="IMAGE_MOCK"
    strength={1000}
  >
    <TechnicalSkills />
  </SectionBanner>
  <SectionBanner
    header="Hobbies"
    id="Hobbies"
    image="IMAGE_MOCK"
    strength={1000}
  >
    <Hobbies />
  </SectionBanner>
  <SectionBanner
    header="ProfessionalExperience"
    id="ProfessionalExperience"
    image="IMAGE_MOCK"
    strength={800}
  >
    <ProfessionalExperience />
  </SectionBanner>
  <SectionBanner
    header="Education"
    id="Education"
    image="IMAGE_MOCK"
    strength={1000}
  >
    <Education />
  </SectionBanner>
</Fragment>
`;
