// Jest Snapshot v1, https://goo.gl/fbAQLP

exports[`<MessageDetails /> renders as expected 1`] = `
<div
  className="MessageDetails-Box"
>
  <div
    onClick={[Function]}
    onKeyDown={[Function]}
    role="button"
    tabIndex={0}
  >
    <div
      className="subject"
    >
      subject: 
      subject string
    </div>
    <div
      className="date"
    >
      Date: 
      created at time stamp
    </div>
    <div
      className="time"
    >
      Time: 
      created at time stamp
    </div>
    <div
      className="Message wordWrap"
    >
      Message: 
      This is a test message
    </div>
  </div>
</div>
`;
