// Jest Snapshot v1, https://goo.gl/fbAQLP

exports[`<AboutMePage /> should render the page 1`] = `
<Fragment>
  <BannerSection
    className="row col-lg-12"
  >
    <div
      id="Portfolio"
    >
      <Header>
        Portfolio
      </Header>
    </div>
  </BannerSection>
  <ProfessionalIntro />
  <BannerSection
    className="row col-lg-12"
  >
    <div
      id="Hobbies"
    >
      <Header>
        Hobbies
      </Header>
    </div>
  </BannerSection>
  <Hobbies />
</Fragment>
`;
