// Jest Snapshot v1, https://goo.gl/fbAQLP

exports[`<NavigationBody /> renders as expected 1`] = `
Array [
  <div
    className="appBar"
  >
    <div
      className="iconButton"
      onClick={[Function]}
      onKeyDown={[Function]}
      role="button"
      tabIndex={0}
    >
      <span
        aria-hidden={true}
        className="fa fa-bars icon"
      />
    </div>
    <div
      className="heading"
    >
      Coder Daily
    </div>
    <div
      className="linkContainer"
    >
      Log In
    </div>
  </div>,
  <div
    className="drawer"
  >
    <div
      className="item"
      onClick={[Function]}
      onKeyDown={[Function]}
      role="button"
      tabIndex={0}
    >
      About Me
    </div>
    <div
      className="item"
      onClick={[Function]}
      onKeyDown={[Function]}
      role="button"
      tabIndex={0}
    >
      Portfolio
    </div>
    <div
      className="item"
      onClick={[Function]}
      onKeyDown={[Function]}
      role="button"
      tabIndex={0}
    >
      Contact
    </div>
    <div
      className="item"
      onClick={[Function]}
      onKeyDown={[Function]}
      role="button"
      tabIndex={0}
    >
      Messages
    </div>
  </div>,
]
`;
