// Jest Snapshot v1, https://goo.gl/fbAQLP

exports[`<Navigation /> <Navigation /> snap Shots renders as expected with populated messages 1`] = `
.c1 {
  padding: 25px;
  text-transform: uppercase;
  cursor: pointer;
  border-bottom: solid 1px #f6f6f6;
}

.c1:hover {
  background-color: #f6f6f6;
}

.c0 {
  padding-left: 0px;
  z-index: 900;
}

.c2 {
  position: fixed;
  top: 0;
  left: -300px;
  height: 100%;
  width: 300px;
  background: #fff;
  padding: 0px;
  -webkit-transition: 0.25s ease-in-out;
  transition: 0.25s ease-in-out;
  box-shadow: rgba(0,0,0,0.15) 0px 3px 10px,rgba(0,0,0,0.22) 0px 3px 10px;
  z-index: 1000;
  color: #000000;
}

.c2.drawerOpen {
  left: 0;
}

.c3 {
  padding: 25px;
  text-transform: uppercase;
  cursor: pointer;
  border-bottom: solid 1px #f6f6f6;
}

.c3:hover {
  background-color: #f6f6f6;
}

<Provider
  store={
    Object {
      "dispatch": [Function],
      "getState": [Function],
      "injectedReducers": Object {
        "Navigation": [Function],
      },
      "injectedSagas": Object {
        "Navigation": Object {
          "mode": "@@saga-injector/restart-on-remount",
          "saga": [Function],
          "task": Object {
            "@@redux-saga/TASK": true,
            "cancel": [Function],
            "cont": undefined,
            "done": Promise {},
            "error": [Function],
            "id": 1,
            "isAborted": [Function],
            "isCancelled": [Function],
            "isRunning": [Function],
            "joiners": Array [],
            "name": "rootSaga",
            "result": [Function],
            "setContext": [Function],
          },
        },
      },
      "replaceReducer": [Function],
      "runSaga": [Function],
      "subscribe": [Function],
      Symbol(Symbol.observable): [Function],
    }
  }
>
  <withReducer(withSaga(Connect(Navigation)))>
    <withSaga(Connect(Navigation))>
      <Connect(Navigation)>
        <Navigation
          isDrawerOpen={false}
          navigationLinks={
            Array [
              Object {
                "DisplayName": "About Me",
                "LinkTo": "/",
                "key": "AboutMe",
              },
              Object {
                "DisplayName": "Portfolio",
                "LinkTo": "/portfolio",
                "key": "Portfolio",
              },
              Object {
                "DisplayName": "Contact",
                "LinkTo": "/contact",
                "key": "Contact",
              },
              Object {
                "DisplayName": "Messages",
                "LinkTo": "/messages",
                "key": "Messages",
              },
            ]
          }
          selectItem={[Function]}
          toggleDrawer={[Function]}
        >
          <div>
            <NavigationBody
              isDrawerOpen={false}
              navigationLinks={
                Array [
                  Object {
                    "DisplayName": "About Me",
                    "LinkTo": "/",
                    "key": "AboutMe",
                  },
                  Object {
                    "DisplayName": "Portfolio",
                    "LinkTo": "/portfolio",
                    "key": "Portfolio",
                  },
                  Object {
                    "DisplayName": "Contact",
                    "LinkTo": "/contact",
                    "key": "Contact",
                  },
                  Object {
                    "DisplayName": "Messages",
                    "LinkTo": "/messages",
                    "key": "Messages",
                  },
                ]
              }
              selectItem={[Function]}
              toggleDrawer={[Function]}
            >
              <NavTopButtons
                itemKeyAttr="key"
                itemLabelAttr="DisplayName"
                items={
                  Array [
                    Object {
                      "DisplayName": "About Me",
                      "LinkTo": "/",
                      "key": "AboutMe",
                    },
                    Object {
                      "DisplayName": "Portfolio",
                      "LinkTo": "/portfolio",
                      "key": "Portfolio",
                    },
                    Object {
                      "DisplayName": "Contact",
                      "LinkTo": "/contact",
                      "key": "Contact",
                    },
                    Object {
                      "DisplayName": "Messages",
                      "LinkTo": "/messages",
                      "key": "Messages",
                    },
                  ]
                }
                selectItem={[Function]}
                toggleDrawer={[Function]}
              >
                <styles__Nav
                  className="navbar sticky-top navbar-expand-md navbar-light"
                >
                  <StyledComponent
                    className="navbar sticky-top navbar-expand-md navbar-light"
                    forwardedClass={
                      Object {
                        "$$typeof": Symbol(react.forward_ref),
                        "attrs": undefined,
                        "componentStyle": ComponentStyle {
                          "componentId": "styles__Nav-sc-1iujtvx-2",
                          "isStatic": true,
                          "lastClassName": "c0",
                          "rules": Array [
                            "padding-left:0px;z-index:900;",
                          ],
                        },
                        "displayName": "styles__Nav",
                        "render": [Function],
                        "styledComponentId": "styles__Nav-sc-1iujtvx-2",
                        "target": "nav",
                        "warnTooManyClasses": [Function],
                        "withComponent": [Function],
                      }
                    }
                    forwardedRef={null}
                  >
                    <nav
                      className="navbar sticky-top navbar-expand-md navbar-light c0"
                    >
                      <styles__HamburgerButtonStyled
                        aria-controls="navbarNav"
                        aria-expanded="false"
                        aria-label="Toggle navigation"
                        className="navbar-toggler"
                        data-target="#navbarNav"
                        data-toggle="collapse"
                        onClick={[Function]}
                        type="button"
                      >
                        <StyledComponent
                          aria-controls="navbarNav"
                          aria-expanded="false"
                          aria-label="Toggle navigation"
                          className="navbar-toggler"
                          data-target="#navbarNav"
                          data-toggle="collapse"
                          forwardedClass={
                            Object {
                              "$$typeof": Symbol(react.forward_ref),
                              "attrs": undefined,
                              "componentStyle": ComponentStyle {
                                "componentId": "styles__HamburgerButtonStyled-sc-1iujtvx-1",
                                "isStatic": true,
                                "lastClassName": "ezokXg",
                                "rules": Array [],
                              },
                              "displayName": "styles__HamburgerButtonStyled",
                              "render": [Function],
                              "styledComponentId": "styles__HamburgerButtonStyled-sc-1iujtvx-1",
                              "target": [Function],
                              "warnTooManyClasses": [Function],
                              "withComponent": [Function],
                              Symbol(Symbol.hasInstance): [Function],
                            }
                          }
                          forwardedRef={null}
                          onClick={[Function]}
                          type="button"
                        >
                          <BasicButton
                            aria-controls="navbarNav"
                            aria-expanded="false"
                            aria-label="Toggle navigation"
                            className="navbar-toggler "
                            data-target="#navbarNav"
                            data-toggle="collapse"
                            onClick={[Function]}
                            type="button"
                          >
                            <div
                              className="navbar-toggler "
                              onClick={[Function]}
                              onKeyDown={[Function]}
                              role="button"
                              tabIndex={0}
                            >
                              <span
                                className="navbar-toggler-icon"
                                key=".0"
                              />
                            </div>
                          </BasicButton>
                        </StyledComponent>
                      </styles__HamburgerButtonStyled>
                      <div
                        className="collapse navbar-collapse"
                        id="navbarNav"
                      >
                        <ul
                          className="nav justify-content-end"
                        >
                          <li
                            className="nav-item"
                            key="AboutMe\\"_nav\\""
                          >
                            <styles__ItemButtonStyled
                              className="nav-link active"
                              onClick={[Function]}
                            >
                              <StyledComponent
                                className="nav-link active"
                                forwardedClass={
                                  Object {
                                    "$$typeof": Symbol(react.forward_ref),
                                    "attrs": undefined,
                                    "componentStyle": ComponentStyle {
                                      "componentId": "styles__ItemButtonStyled-sc-1iujtvx-0",
                                      "isStatic": true,
                                      "lastClassName": "c1",
                                      "rules": Array [
                                        "padding:25px;text-transform:uppercase;cursor:pointer;border-bottom:solid 1px ",
                                        "#f6f6f6",
                                        ";&:hover{background-color:",
                                        "#f6f6f6",
                                        ";}",
                                      ],
                                    },
                                    "displayName": "styles__ItemButtonStyled",
                                    "render": [Function],
                                    "styledComponentId": "styles__ItemButtonStyled-sc-1iujtvx-0",
                                    "target": [Function],
                                    "warnTooManyClasses": [Function],
                                    "withComponent": [Function],
                                    Symbol(Symbol.hasInstance): [Function],
                                  }
                                }
                                forwardedRef={null}
                                onClick={[Function]}
                              >
                                <BasicButton
                                  className="nav-link active c1"
                                  onClick={[Function]}
                                >
                                  <div
                                    className="nav-link active c1"
                                    onClick={[Function]}
                                    onKeyDown={[Function]}
                                    role="button"
                                    tabIndex={0}
                                  >
                                    About Me
                                  </div>
                                </BasicButton>
                              </StyledComponent>
                            </styles__ItemButtonStyled>
                          </li>
                          <li
                            className="nav-item"
                            key="Portfolio\\"_nav\\""
                          >
                            <styles__ItemButtonStyled
                              className="nav-link active"
                              onClick={[Function]}
                            >
                              <StyledComponent
                                className="nav-link active"
                                forwardedClass={
                                  Object {
                                    "$$typeof": Symbol(react.forward_ref),
                                    "attrs": undefined,
                                    "componentStyle": ComponentStyle {
                                      "componentId": "styles__ItemButtonStyled-sc-1iujtvx-0",
                                      "isStatic": true,
                                      "lastClassName": "c1",
                                      "rules": Array [
                                        "padding:25px;text-transform:uppercase;cursor:pointer;border-bottom:solid 1px ",
                                        "#f6f6f6",
                                        ";&:hover{background-color:",
                                        "#f6f6f6",
                                        ";}",
                                      ],
                                    },
                                    "displayName": "styles__ItemButtonStyled",
                                    "render": [Function],
                                    "styledComponentId": "styles__ItemButtonStyled-sc-1iujtvx-0",
                                    "target": [Function],
                                    "warnTooManyClasses": [Function],
                                    "withComponent": [Function],
                                    Symbol(Symbol.hasInstance): [Function],
                                  }
                                }
                                forwardedRef={null}
                                onClick={[Function]}
                              >
                                <BasicButton
                                  className="nav-link active c1"
                                  onClick={[Function]}
                                >
                                  <div
                                    className="nav-link active c1"
                                    onClick={[Function]}
                                    onKeyDown={[Function]}
                                    role="button"
                                    tabIndex={0}
                                  >
                                    Portfolio
                                  </div>
                                </BasicButton>
                              </StyledComponent>
                            </styles__ItemButtonStyled>
                          </li>
                          <li
                            className="nav-item"
                            key="Contact\\"_nav\\""
                          >
                            <styles__ItemButtonStyled
                              className="nav-link active"
                              onClick={[Function]}
                            >
                              <StyledComponent
                                className="nav-link active"
                                forwardedClass={
                                  Object {
                                    "$$typeof": Symbol(react.forward_ref),
                                    "attrs": undefined,
                                    "componentStyle": ComponentStyle {
                                      "componentId": "styles__ItemButtonStyled-sc-1iujtvx-0",
                                      "isStatic": true,
                                      "lastClassName": "c1",
                                      "rules": Array [
                                        "padding:25px;text-transform:uppercase;cursor:pointer;border-bottom:solid 1px ",
                                        "#f6f6f6",
                                        ";&:hover{background-color:",
                                        "#f6f6f6",
                                        ";}",
                                      ],
                                    },
                                    "displayName": "styles__ItemButtonStyled",
                                    "render": [Function],
                                    "styledComponentId": "styles__ItemButtonStyled-sc-1iujtvx-0",
                                    "target": [Function],
                                    "warnTooManyClasses": [Function],
                                    "withComponent": [Function],
                                    Symbol(Symbol.hasInstance): [Function],
                                  }
                                }
                                forwardedRef={null}
                                onClick={[Function]}
                              >
                                <BasicButton
                                  className="nav-link active c1"
                                  onClick={[Function]}
                                >
                                  <div
                                    className="nav-link active c1"
                                    onClick={[Function]}
                                    onKeyDown={[Function]}
                                    role="button"
                                    tabIndex={0}
                                  >
                                    Contact
                                  </div>
                                </BasicButton>
                              </StyledComponent>
                            </styles__ItemButtonStyled>
                          </li>
                          <li
                            className="nav-item"
                            key="Messages\\"_nav\\""
                          >
                            <styles__ItemButtonStyled
                              className="nav-link active"
                              onClick={[Function]}
                            >
                              <StyledComponent
                                className="nav-link active"
                                forwardedClass={
                                  Object {
                                    "$$typeof": Symbol(react.forward_ref),
                                    "attrs": undefined,
                                    "componentStyle": ComponentStyle {
                                      "componentId": "styles__ItemButtonStyled-sc-1iujtvx-0",
                                      "isStatic": true,
                                      "lastClassName": "c1",
                                      "rules": Array [
                                        "padding:25px;text-transform:uppercase;cursor:pointer;border-bottom:solid 1px ",
                                        "#f6f6f6",
                                        ";&:hover{background-color:",
                                        "#f6f6f6",
                                        ";}",
                                      ],
                                    },
                                    "displayName": "styles__ItemButtonStyled",
                                    "render": [Function],
                                    "styledComponentId": "styles__ItemButtonStyled-sc-1iujtvx-0",
                                    "target": [Function],
                                    "warnTooManyClasses": [Function],
                                    "withComponent": [Function],
                                    Symbol(Symbol.hasInstance): [Function],
                                  }
                                }
                                forwardedRef={null}
                                onClick={[Function]}
                              >
                                <BasicButton
                                  className="nav-link active c1"
                                  onClick={[Function]}
                                >
                                  <div
                                    className="nav-link active c1"
                                    onClick={[Function]}
                                    onKeyDown={[Function]}
                                    role="button"
                                    tabIndex={0}
                                  >
                                    Messages
                                  </div>
                                </BasicButton>
                              </StyledComponent>
                            </styles__ItemButtonStyled>
                          </li>
                        </ul>
                      </div>
                    </nav>
                  </StyledComponent>
                </styles__Nav>
              </NavTopButtons>
              <Drawer
                isDrawerOpen={false}
                itemKeyAttr="key"
                itemLabelAttr="DisplayName"
                items={
                  Array [
                    Object {
                      "DisplayName": "About Me",
                      "LinkTo": "/",
                      "key": "AboutMe",
                    },
                    Object {
                      "DisplayName": "Portfolio",
                      "LinkTo": "/portfolio",
                      "key": "Portfolio",
                    },
                    Object {
                      "DisplayName": "Contact",
                      "LinkTo": "/contact",
                      "key": "Contact",
                    },
                    Object {
                      "DisplayName": "Messages",
                      "LinkTo": "/messages",
                      "key": "Messages",
                    },
                  ]
                }
                selectItem={[Function]}
              >
                <styles__DrawerStyled
                  isDrawerOpen={false}
                >
                  <StyledComponent
                    forwardedClass={
                      Object {
                        "$$typeof": Symbol(react.forward_ref),
                        "attrs": undefined,
                        "componentStyle": ComponentStyle {
                          "componentId": "styles__DrawerStyled-sc-2wdqmg-0",
                          "isStatic": false,
                          "lastClassName": "c2",
                          "rules": Array [
                            "position:fixed;top:0;left:",
                            [Function],
                            ";height:100%;width:300px;background:",
                            "#fff",
                            ";padding:0px;transition:0.25s ease-in-out;box-shadow:rgba(0,0,0,0.15) 0px 3px 10px,rgba(0,0,0,0.22) 0px 3px 10px;z-index:1000;color:",
                            "#000000",
                            ";&.drawerOpen{left:0;}",
                          ],
                        },
                        "displayName": "styles__DrawerStyled",
                        "render": [Function],
                        "styledComponentId": "styles__DrawerStyled-sc-2wdqmg-0",
                        "target": "div",
                        "warnTooManyClasses": [Function],
                        "withComponent": [Function],
                      }
                    }
                    forwardedRef={null}
                    isDrawerOpen={false}
                  >
                    <div
                      className="c2"
                    >
                      <styles__ItemButtonStyled
                        key="AboutMe"
                        onClick={[Function]}
                      >
                        <StyledComponent
                          forwardedClass={
                            Object {
                              "$$typeof": Symbol(react.forward_ref),
                              "attrs": undefined,
                              "componentStyle": ComponentStyle {
                                "componentId": "styles__ItemButtonStyled-sc-2wdqmg-1",
                                "isStatic": true,
                                "lastClassName": "c3",
                                "rules": Array [
                                  "padding:25px;text-transform:uppercase;cursor:pointer;border-bottom:solid 1px ",
                                  "#f6f6f6",
                                  ";&:hover{background-color:",
                                  "#f6f6f6",
                                  ";}",
                                ],
                              },
                              "displayName": "styles__ItemButtonStyled",
                              "render": [Function],
                              "styledComponentId": "styles__ItemButtonStyled-sc-2wdqmg-1",
                              "target": [Function],
                              "warnTooManyClasses": [Function],
                              "withComponent": [Function],
                              Symbol(Symbol.hasInstance): [Function],
                            }
                          }
                          forwardedRef={null}
                          onClick={[Function]}
                        >
                          <BasicButton
                            className="c3"
                            onClick={[Function]}
                          >
                            <div
                              className="c3"
                              onClick={[Function]}
                              onKeyDown={[Function]}
                              role="button"
                              tabIndex={0}
                            >
                              About Me
                            </div>
                          </BasicButton>
                        </StyledComponent>
                      </styles__ItemButtonStyled>
                      <styles__ItemButtonStyled
                        key="Portfolio"
                        onClick={[Function]}
                      >
                        <StyledComponent
                          forwardedClass={
                            Object {
                              "$$typeof": Symbol(react.forward_ref),
                              "attrs": undefined,
                              "componentStyle": ComponentStyle {
                                "componentId": "styles__ItemButtonStyled-sc-2wdqmg-1",
                                "isStatic": true,
                                "lastClassName": "c3",
                                "rules": Array [
                                  "padding:25px;text-transform:uppercase;cursor:pointer;border-bottom:solid 1px ",
                                  "#f6f6f6",
                                  ";&:hover{background-color:",
                                  "#f6f6f6",
                                  ";}",
                                ],
                              },
                              "displayName": "styles__ItemButtonStyled",
                              "render": [Function],
                              "styledComponentId": "styles__ItemButtonStyled-sc-2wdqmg-1",
                              "target": [Function],
                              "warnTooManyClasses": [Function],
                              "withComponent": [Function],
                              Symbol(Symbol.hasInstance): [Function],
                            }
                          }
                          forwardedRef={null}
                          onClick={[Function]}
                        >
                          <BasicButton
                            className="c3"
                            onClick={[Function]}
                          >
                            <div
                              className="c3"
                              onClick={[Function]}
                              onKeyDown={[Function]}
                              role="button"
                              tabIndex={0}
                            >
                              Portfolio
                            </div>
                          </BasicButton>
                        </StyledComponent>
                      </styles__ItemButtonStyled>
                      <styles__ItemButtonStyled
                        key="Contact"
                        onClick={[Function]}
                      >
                        <StyledComponent
                          forwardedClass={
                            Object {
                              "$$typeof": Symbol(react.forward_ref),
                              "attrs": undefined,
                              "componentStyle": ComponentStyle {
                                "componentId": "styles__ItemButtonStyled-sc-2wdqmg-1",
                                "isStatic": true,
                                "lastClassName": "c3",
                                "rules": Array [
                                  "padding:25px;text-transform:uppercase;cursor:pointer;border-bottom:solid 1px ",
                                  "#f6f6f6",
                                  ";&:hover{background-color:",
                                  "#f6f6f6",
                                  ";}",
                                ],
                              },
                              "displayName": "styles__ItemButtonStyled",
                              "render": [Function],
                              "styledComponentId": "styles__ItemButtonStyled-sc-2wdqmg-1",
                              "target": [Function],
                              "warnTooManyClasses": [Function],
                              "withComponent": [Function],
                              Symbol(Symbol.hasInstance): [Function],
                            }
                          }
                          forwardedRef={null}
                          onClick={[Function]}
                        >
                          <BasicButton
                            className="c3"
                            onClick={[Function]}
                          >
                            <div
                              className="c3"
                              onClick={[Function]}
                              onKeyDown={[Function]}
                              role="button"
                              tabIndex={0}
                            >
                              Contact
                            </div>
                          </BasicButton>
                        </StyledComponent>
                      </styles__ItemButtonStyled>
                      <styles__ItemButtonStyled
                        key="Messages"
                        onClick={[Function]}
                      >
                        <StyledComponent
                          forwardedClass={
                            Object {
                              "$$typeof": Symbol(react.forward_ref),
                              "attrs": undefined,
                              "componentStyle": ComponentStyle {
                                "componentId": "styles__ItemButtonStyled-sc-2wdqmg-1",
                                "isStatic": true,
                                "lastClassName": "c3",
                                "rules": Array [
                                  "padding:25px;text-transform:uppercase;cursor:pointer;border-bottom:solid 1px ",
                                  "#f6f6f6",
                                  ";&:hover{background-color:",
                                  "#f6f6f6",
                                  ";}",
                                ],
                              },
                              "displayName": "styles__ItemButtonStyled",
                              "render": [Function],
                              "styledComponentId": "styles__ItemButtonStyled-sc-2wdqmg-1",
                              "target": [Function],
                              "warnTooManyClasses": [Function],
                              "withComponent": [Function],
                              Symbol(Symbol.hasInstance): [Function],
                            }
                          }
                          forwardedRef={null}
                          onClick={[Function]}
                        >
                          <BasicButton
                            className="c3"
                            onClick={[Function]}
                          >
                            <div
                              className="c3"
                              onClick={[Function]}
                              onKeyDown={[Function]}
                              role="button"
                              tabIndex={0}
                            >
                              Messages
                            </div>
                          </BasicButton>
                        </StyledComponent>
                      </styles__ItemButtonStyled>
                    </div>
                  </StyledComponent>
                </styles__DrawerStyled>
              </Drawer>
            </NavigationBody>
          </div>
        </Navigation>
      </Connect(Navigation)>
    </withSaga(Connect(Navigation))>
  </withReducer(withSaga(Connect(Navigation)))>
</Provider>
`;
