// Jest Snapshot v1, https://goo.gl/fbAQLP

exports[`<ViewMessagesPage /> <ViewMessagesPage /> snap Shots renders as expected 1`] = `
<Provider
  store={
    Object {
      "dispatch": [Function],
      "getState": [Function],
      "injectedReducers": Object {},
      "injectedSagas": Object {},
      "replaceReducer": [Function],
      "runSaga": [Function],
      "subscribe": [Function],
      Symbol(Symbol.observable): [Function],
    }
  }
>
  <ViewMessagesPage
    requestUser={
      [MockFunction] {
        "calls": Array [
          Array [],
          Array [],
          Array [],
        ],
        "results": Array [
          Object {
            "isThrow": false,
            "value": undefined,
          },
          Object {
            "isThrow": false,
            "value": undefined,
          },
          Object {
            "isThrow": false,
            "value": undefined,
          },
        ],
      }
    }
    requestUserMessages={
      [MockFunction] {
        "calls": Array [
          Array [],
          Array [],
          Array [],
        ],
        "results": Array [
          Object {
            "isThrow": false,
            "value": undefined,
          },
          Object {
            "isThrow": false,
            "value": undefined,
          },
          Object {
            "isThrow": false,
            "value": undefined,
          },
        ],
      }
    }
    selectUserMessage={[MockFunction]}
    userData={
      Object {
        "auth0Id": "auth0Id1",
        "uuid": "1",
      }
    }
  >
    <HeaderBar
      header="Your messages are here"
      subMessage="Take a look at your recent messages"
    >
      <div
        className="jumbotron"
      >
        <h1>
          Your messages are here
        </h1>
        <p>
          Take a look at your recent messages
        </p>
      </div>
    </HeaderBar>
    <UserMessagesBody
      requestUser={
        [MockFunction] {
          "calls": Array [
            Array [],
            Array [],
            Array [],
          ],
          "results": Array [
            Object {
              "isThrow": false,
              "value": undefined,
            },
            Object {
              "isThrow": false,
              "value": undefined,
            },
            Object {
              "isThrow": false,
              "value": undefined,
            },
          ],
        }
      }
      requestUserMessages={
        [MockFunction] {
          "calls": Array [
            Array [],
            Array [],
            Array [],
          ],
          "results": Array [
            Object {
              "isThrow": false,
              "value": undefined,
            },
            Object {
              "isThrow": false,
              "value": undefined,
            },
            Object {
              "isThrow": false,
              "value": undefined,
            },
          ],
        }
      }
      selectUserMessage={[MockFunction]}
      userData={
        Object {
          "auth0Id": "auth0Id1",
          "uuid": "1",
        }
      }
    >
      <div
        className="MessageDetails-Box"
      >
        <div>
          Your google ID is: 
          auth0Id1
        </div>
      </div>
    </UserMessagesBody>
  </ViewMessagesPage>
</Provider>
`;
