// Jest Snapshot v1, https://goo.gl/fbAQLP

exports[`<Hobbies /> should render the page 1`] = `
<div
  className="container"
>
  <BannerSection>
    <ul>
      <li>
        Programming - Go to work and program, Go home and program
      </li>
      <li>
        Dancing - West Coast Swing - any chance I get
      </li>
      <li>
        Hiking - A good way to clear your mind and find your ground
      </li>
      <li>
        Billiards - Was in a league and casually shooting with friends
      </li>
      <li>
        Ultimate Frisbee - Saturday pick up games
      </li>
      <li>
        ATV Riding - Off road here I!
      </li>
    </ul>
  </BannerSection>
</div>
`;
