// Jest Snapshot v1, https://goo.gl/fbAQLP

exports[`<Portfolio /> should render the page 1`] = `
<div
  className="container"
>
  <BannerSection>
    <DesertCodeCamp />
  </BannerSection>
  <BannerSection>
    <BootCampTeamFinal />
  </BannerSection>
  <BannerSection>
    <PortfolioWebSite />
  </BannerSection>
  <BannerSection>
    <PortfolioWebSite />
  </BannerSection>
</div>
`;
