// Jest Snapshot v1, https://goo.gl/fbAQLP

exports[`<ProfessionalExperience /> should render the page 1`] = `
<div
  className="container"
>
  <BannerSection>
    <AttainiaExperience />
  </BannerSection>
  <BannerSection>
    <HylandExperience />
  </BannerSection>
  <BannerSection>
    <CadtelExperience />
  </BannerSection>
</div>
`;
