// Jest Snapshot v1, https://goo.gl/fbAQLP

exports[`<BootCampTeamFinal /> should render the page 1`] = `
<div>
  <styles__SectionBreak>
    <h4>
      Broken Glass
    </h4>
    <styles__P>
      Final Team Project for Full Stack Web Dev Certification
    </styles__P>
    <styles__P>
      This project is a play off glass door. Where glass door evaluates corporate businesses as a whole to rate them. Here we want to do the same, however on a level down to the individual places. One franchise store does not operate on the same level as another. We want to catch that difference and inform future employees.
    </styles__P>
  </styles__SectionBreak>
  <div
    className="row"
  >
    <div
      className="col-md-7"
    >
      <styles__SectionBreak>
        <styles__P>
          Duration 1 month
        </styles__P>
        <styles__P>
          For this project we found and used this
           
          <a
            href="https://github.com/react-boilerplate/react-boilerplate"
          >
            react-boilerplate
          </a>
           
          to initiate the project.
        </styles__P>
        <styles__P>
          <a
            href="https://broken-glass-app.herokuapp.com/"
          >
            Broken Glass web site
          </a>
        </styles__P>
        <styles__P>
          <a
            href="https://github.com/EhrenDavis12/broken-glass-app"
          >
            Front End GetHub Repository
          </a>
        </styles__P>
        <styles__P>
          <a
            href="https://github.com/EhrenDavis12/broken-glass-api"
          >
            Back End GetHub Repository
          </a>
        </styles__P>
      </styles__SectionBreak>
      <styles__Div>
        On this project I worked on:
        <ul>
          <li>
            Auth0 integration
          </li>
          <li>
            Google Maps integration
          </li>
          <li>
            Deployment using Heroku
          </li>
          <li>
            Setting up the environment up connections between app and api
          </li>
        </ul>
      </styles__Div>
    </div>
    <div
      className="col-md-5 text-center"
    >
      <styles__Img
        alt="BrokenGlassIcon"
        src="IMAGE_MOCK"
      />
    </div>
  </div>
</div>
`;
